#Erros

sudo apt install gawk wget git diffstat unzip texinfo gcc build-essential chrpath socat cpio python3 python3-pip python3-pexpect xz-utils debianutils iputils-ping python3-git python3-jinja2 libegl1-mesa libsdl1.2-dev pylint3 xterm python3-subunit mesa-common-dev zstd liblz4-tool


osb@osb-VirtualBox:~$ sudo apt install gawk wget git diffstat unzip texinfo gcc build-essential chrpath socat cpio python3 python3-pip python3-pexpect xz-utils debianutils iputils-ping python3-git python3-jinja2 libegl1-mesa libsdl1.2-dev pylint3 xterm python3-subunit mesa-common-dev zstd liblz4-tool
Reading package lists... Done
Building dependency tree... Done
Reading state information... Done
E: Unable to locate package libegl1-mesa
E: Unable to locate package pylint3
osb@osb-VirtualBox:~$ ^C


osb@osb-VirtualBox:~/yocto-rpi$ bitbake-layers add-layer ../meta-openembedded/meta-oe
bitbake-layers add-layer ../meta-openembedded/meta-python
bitbake-layers add-layer ../meta-openembedded/meta-multimedia
bitbake-layers add-layer ../meta-openembedded/meta-networking
bitbake-layers add-layer ../meta-raspberrypi
NOTE: Starting bitbake server...
Specified layer directory /home/osb/meta-openembedded/meta-oe doesn't exist
NOTE: Starting bitbake server...
Specified layer directory /home/osb/meta-openembedded/meta-python doesn't exist
NOTE: Starting bitbake server...
Specified layer directory /home/osb/meta-openembedded/meta-multimedia doesn't exist
NOTE: Starting bitbake server...
Specified layer directory /home/osb/meta-openembedded/meta-networking doesn't exist
NOTE: Starting bitbake server...
Specified layer directory /home/osb/meta-raspberrypi doesn't exist
osb@osb-VirtualBox:~/yocto-rpi$ 





osb@osb-VirtualBox:~/yocto-rpi/meta-openembedded$ cd ~/yocto-rpi/poky && source oe-init-build-env
You had no conf/local.conf file. This configuration file has therefore been
created for you from /home/osb/yocto-rpi/poky/meta-poky/conf/local.conf.sample
You may wish to edit it to, for example, select a different MACHINE (target
hardware). See conf/local.conf for more information as common configuration
options are commented.

You had no conf/bblayers.conf file. This configuration file has therefore been
created for you from /home/osb/yocto-rpi/poky/meta-poky/conf/bblayers.conf.sample
To add additional metadata layers into your configuration please add entries
to conf/bblayers.conf.

The Yocto Project has extensive documentation about OE including a reference
manual which can be found at:
    https://docs.yoctoproject.org

For more information about OpenEmbedded see the website:
    https://www.openembedded.org/


### Shell environment set up for builds. ###

You can now run 'bitbake <target>'

Common targets are:
    core-image-minimal
    core-image-full-cmdline
    core-image-sato
    core-image-weston
    meta-toolchain
    meta-ide-support

You can also run generated qemu images with a command like 'runqemu qemux86'

Other commonly useful commands are:
 - 'devtool' and 'recipetool' handle common recipe tasks
 - 'bitbake-layers' handles common layer tasks
 - 'oe-pkgdata-util' handles common target package tasks




osb@osb-VirtualBox:~/yocto-rpi/poky/build$ bitbake core-image-base
ERROR: User namespaces are not usable by BitBake, possibly due to AppArmor.
See https://discourse.ubuntu.com/t/ubuntu-24-04-lts-noble-numbat-release-notes/39890#unprivileged-user-namespace-restrictions for more information.

Summary: There was 1 ERROR message, returning a non-zero exit code.

